// Jest Snapshot v1, https://goo.gl/fbAQLP

exports[`should render header component correctly 1`] = `
<header>
  <Link
    replace={false}
    to="/"
  >
    <h1>
      TableTop
    </h1>
  </Link>
</header>
`;
