// Jest Snapshot v1, https://goo.gl/fbAQLP

exports[`should render NewClassPage correctly 1`] = `
<div>
  <ClassForm
    onSubmit={[Function]}
  />
</div>
`;
