// Jest Snapshot v1, https://goo.gl/fbAQLP

exports[`should render NewRacePage correctly 1`] = `
<div>
  <RaceForm
    onSubmit={[Function]}
  />
</div>
`;
