// Jest Snapshot v1, https://goo.gl/fbAQLP

exports[`should render NewSpellPage correctly 1`] = `
<div>
  <SpellForm
    onSubmit={[Function]}
  />
</div>
`;
